// Jest Snapshot v1, https://goo.gl/fbAQLP

exports[`AppError Component renders the UI as expected 1`] = `
<div
  className="unexpected-error"
>
  <div
    className="top"
  >
    <span
      aria-label="bad news icon"
      className="emoji"
      role="img"
    >
      ðŸ¤¯
    </span>
    <h2>
      An Error Has Occurred
    </h2>
    <h4>
      Our development team has been notified. We'll get this fixed ASAP.
    </h4>
  </div>
  <div
    className="bottom"
  >
    <h4>
      try refreshing the page
    </h4>
    <i
      className="fas fa-sync-alt"
    />
  </div>
</div>
`;
