// Jest Snapshot v1, https://goo.gl/fbAQLP

exports[`NavBar renders without crashing 1`] = `
<header>
  <div
    className="title-container"
  >
    <Link
      className="root-link"
      to="/"
    >
      <Logo
        className="logo"
      />
      <h2
        className="app-title"
      >
        Laconic
      </h2>
    </Link>
  </div>
  <nav>
    <Link
      to="/login"
    >
      Login
    </Link>
     
  </nav>
</header>
`;
